#
# There is insufficient memory for the Java Runtime Environment to continue.
# Native memory allocation (malloc) failed to allocate 1048576 bytes. Error detail: AllocateHeap
# Possible reasons:
#   The system is out of physical RAM or swap space
#   This process is running with CompressedOops enabled, and the Java Heap may be blocking the growth of the native heap
# Possible solutions:
#   Reduce memory load on the system
#   Increase physical memory or swap space
#   Check if swap backing store is full
#   Decrease Java heap size (-Xmx/-Xms)
#   Decrease number of Java threads
#   Decrease Java thread stack sizes (-Xss)
#   Set larger code cache with -XX:ReservedCodeCacheSize=
#   JVM is running with Unscaled Compressed Oops mode in which the Java heap is
#     placed in the first 4GB address space. The Java Heap base address is the
#     maximum limit for the native heap growth. Please use -XX:HeapBaseMinAddress
#     to set the Java Heap base and to place the Java Heap above 4GB virtual address.
# This output file may be truncated or incomplete.
#
#  Out of Memory Error (allocation.cpp:44), pid=19628, tid=20332
#
# JRE version: OpenJDK Runtime Environment Temurin-21.0.8+9 (21.0.8+9) (build 21.0.8+9-LTS)
# Java VM: OpenJDK 64-Bit Server VM Temurin-21.0.8+9 (21.0.8+9-LTS, mixed mode, sharing, tiered, compressed oops, compressed class ptrs, parallel gc, windows-amd64)
# No core dump will be written. Minidumps are not enabled by default on client versions of Windows
#

---------------  S U M M A R Y ------------

Command Line: --add-modules=ALL-SYSTEM --add-opens=java.base/java.util=ALL-UNNAMED --add-opens=java.base/java.lang=ALL-UNNAMED --add-opens=java.base/sun.nio.fs=ALL-UNNAMED -Declipse.application=org.eclipse.jdt.ls.core.id1 -Dosgi.bundles.defaultStartLevel=4 -Declipse.product=org.eclipse.jdt.ls.core.product -Djava.import.generatesMetadataFilesAtProjectRoot=false -DDetectVMInstallationsJob.disabled=true -Dfile.encoding=utf8 -XX:+UseParallelGC -XX:GCTimeRatio=4 -XX:AdaptiveSizePolicyWeight=90 -Dsun.zip.disableMemoryMapping=true -Xmx2G -Xms100m -Xlog:disable -javaagent:c:\Users\Asif Khan\.vscode\extensions\redhat.java-1.44.0-win32-x64\lombok\lombok-1.18.39-4050.jar -XX:+HeapDumpOnOutOfMemoryError -XX:HeapDumpPath=c:\Users\Asif Khan\AppData\Roaming\Code\User\workspaceStorage\92ca91810c1247fe525de2c72ccc5e5c\redhat.java -Daether.dependencyCollector.impl=bf c:\Users\Asif Khan\.vscode\extensions\redhat.java-1.44.0-win32-x64\server\plugins\org.eclipse.equinox.launcher_1.7.0.v20250519-0528.jar -configuration c:\Users\Asif Khan\AppData\Roaming\Code\User\globalStorage\redhat.java\1.44.0\config_win -data c:\Users\Asif Khan\AppData\Roaming\Code\User\workspaceStorage\92ca91810c1247fe525de2c72ccc5e5c\redhat.java\jdt_ws --pipe=\\.\pipe\lsp-a48d8dfb971ccffcdef9d42a89aa9cf3-sock

Host: 11th Gen Intel(R) Core(TM) i3-1115G4 @ 3.00GHz, 4 cores, 3G,  Windows 11 , 64 bit Build 26100 (10.0.26100.4768)
Time: Tue Aug  5 22:02:34 2025 India Standard Time elapsed time: 82417.894796 seconds (0d 22h 53m 37s)

---------------  T H R E A D  ---------------

Current thread (0x0000027194055230):  JavaThread "Attach Listener" daemon [_thread_in_vm, id=20332, stack(0x00000081eec00000,0x00000081eed00000) (1024K)]

Stack: [0x00000081eec00000,0x00000081eed00000]
Native frames: (J=compiled Java code, j=interpreted, Vv=VM code, C=native code)
V  [jvm.dll+0x6d2449]
V  [jvm.dll+0x8ae341]
V  [jvm.dll+0x8b08be]
V  [jvm.dll+0x8b0fa3]
V  [jvm.dll+0x280c96]
V  [jvm.dll+0xc0347]
V  [jvm.dll+0x6d2cf9]
V  [jvm.dll+0x131116]
V  [jvm.dll+0x3f2d16]
V  [jvm.dll+0x857e6b]
V  [jvm.dll+0x6d0b0d]
C  [ucrtbase.dll+0x37b0]
C  [KERNEL32.DLL+0x2e8d7]
C  [ntdll.dll+0x3c34c]


---------------  P R O C E S S  ---------------

Threads class SMR info:
_java_thread_list=0x00000271f5110190, length=31, elements={
0x000002719415b600, 0x000002719404a160, 0x000002719404ba70, 0x00000271940545e0,
0x0000027194055230, 0x0000027194058290, 0x000002719405adf0, 0x000002719405bc20,
0x00000271940cf620, 0x00000271ec780060, 0x00000271ec8fcd70, 0x00000271f16f37f0,
0x00000271f1213020, 0x00000271f1339e70, 0x00000271f13cba80, 0x00000271f118d800,
0x00000271f1b51ff0, 0x00000271f1361270, 0x00000271f1361900, 0x00000271f135eb10,
0x00000271f3ac4db0, 0x00000271f3ac4090, 0x00000271f3ac3370, 0x00000271f3ac6160,
0x00000271f3ac5440, 0x00000271f3ac2ce0, 0x00000271f3ac6e80, 0x00000271f3ac3a00,
0x00000271f5496b70, 0x00000271f54957c0, 0x00000271f549a680
}

Java Threads: ( => current thread )
  0x000002719415b600 JavaThread "main"                              [_thread_blocked, id=16448, stack(0x00000081ee400000,0x00000081ee500000) (1024K)]
  0x000002719404a160 JavaThread "Reference Handler"          daemon [_thread_blocked, id=10808, stack(0x00000081ee900000,0x00000081eea00000) (1024K)]
  0x000002719404ba70 JavaThread "Finalizer"                  daemon [_thread_blocked, id=7052, stack(0x00000081eea00000,0x00000081eeb00000) (1024K)]
  0x00000271940545e0 JavaThread "Signal Dispatcher"          daemon [_thread_blocked, id=18616, stack(0x00000081eeb00000,0x00000081eec00000) (1024K)]
=>0x0000027194055230 JavaThread "Attach Listener"            daemon [_thread_in_vm, id=20332, stack(0x00000081eec00000,0x00000081eed00000) (1024K)]
  0x0000027194058290 JavaThread "Service Thread"             daemon [_thread_blocked, id=18480, stack(0x00000081eed00000,0x00000081eee00000) (1024K)]
  0x000002719405adf0 JavaThread "Monitor Deflation Thread"   daemon [_thread_blocked, id=2908, stack(0x00000081eee00000,0x00000081eef00000) (1024K)]
  0x000002719405bc20 JavaThread "C2 CompilerThread0"         daemon [_thread_blocked, id=13680, stack(0x00000081eef00000,0x00000081ef000000) (1024K)]
  0x00000271940cf620 JavaThread "C1 CompilerThread0"         daemon [_thread_blocked, id=23364, stack(0x00000081ef000000,0x00000081ef100000) (1024K)]
  0x00000271ec780060 JavaThread "Common-Cleaner"             daemon [_thread_blocked, id=19068, stack(0x00000081ef100000,0x00000081ef200000) (1024K)]
  0x00000271ec8fcd70 JavaThread "Notification Thread"        daemon [_thread_blocked, id=15448, stack(0x00000081ef200000,0x00000081ef300000) (1024K)]
  0x00000271f16f37f0 JavaThread "Active Thread: Equinox Container: cc7f3634-8f72-466b-912e-ca366bc51e5a"        [_thread_blocked, id=18028, stack(0x00000081ef600000,0x00000081ef700000) (1024K)]
  0x00000271f1213020 JavaThread "Refresh Thread: Equinox Container: cc7f3634-8f72-466b-912e-ca366bc51e5a" daemon [_thread_blocked, id=21456, stack(0x00000081ef700000,0x00000081ef800000) (1024K)]
  0x00000271f1339e70 JavaThread "Framework Event Dispatcher: Equinox Container: cc7f3634-8f72-466b-912e-ca366bc51e5a" daemon [_thread_blocked, id=17548, stack(0x00000081ef800000,0x00000081ef900000) (1024K)]
  0x00000271f13cba80 JavaThread "Start Level: Equinox Container: cc7f3634-8f72-466b-912e-ca366bc51e5a" daemon [_thread_blocked, id=10076, stack(0x00000081ef900000,0x00000081efa00000) (1024K)]
  0x00000271f118d800 JavaThread "Bundle File Closer"         daemon [_thread_blocked, id=9588, stack(0x00000081efa00000,0x00000081efb00000) (1024K)]
  0x00000271f1b51ff0 JavaThread "SCR Component Actor"        daemon [_thread_blocked, id=13208, stack(0x00000081efb00000,0x00000081efc00000) (1024K)]
  0x00000271f1361270 JavaThread "Worker-JM"                         [_thread_blocked, id=17560, stack(0x00000081efe00000,0x00000081eff00000) (1024K)]
  0x00000271f1361900 JavaThread "JNA Cleaner"                daemon [_thread_blocked, id=22024, stack(0x00000081eff00000,0x00000081f0000000) (1024K)]
  0x00000271f135eb10 JavaThread "Java indexing"              daemon [_thread_blocked, id=5288, stack(0x00000081f0300000,0x00000081f0400000) (1024K)]
  0x00000271f3ac4db0 JavaThread "Thread-2"                   daemon [_thread_in_native, id=10936, stack(0x00000081f0800000,0x00000081f0900000) (1024K)]
  0x00000271f3ac4090 JavaThread "Thread-3"                   daemon [_thread_in_native, id=7776, stack(0x00000081f0900000,0x00000081f0a00000) (1024K)]
  0x00000271f3ac3370 JavaThread "Thread-4"                   daemon [_thread_in_native, id=15192, stack(0x00000081f0a00000,0x00000081f0b00000) (1024K)]
  0x00000271f3ac6160 JavaThread "Thread-5"                   daemon [_thread_in_native, id=18116, stack(0x00000081f0b00000,0x00000081f0c00000) (1024K)]
  0x00000271f3ac5440 JavaThread "Thread-6"                   daemon [_thread_in_native, id=15616, stack(0x00000081f0c00000,0x00000081f0d00000) (1024K)]
  0x00000271f3ac2ce0 JavaThread "pool-2-thread-1"                   [_thread_blocked, id=6760, stack(0x00000081f0d00000,0x00000081f0e00000) (1024K)]
  0x00000271f3ac6e80 JavaThread "WorkspaceEventsHandler"            [_thread_blocked, id=20080, stack(0x00000081f0f00000,0x00000081f1000000) (1024K)]
  0x00000271f3ac3a00 JavaThread "pool-1-thread-1"                   [_thread_blocked, id=17892, stack(0x00000081f1000000,0x00000081f1100000) (1024K)]
  0x00000271f5496b70 JavaThread "Worker-7"                          [_thread_blocked, id=4508, stack(0x00000081efc00000,0x00000081efd00000) (1024K)]
  0x00000271f54957c0 JavaThread "Cleaner-0"                  daemon [_thread_blocked, id=23444, stack(0x00000081f0200000,0x00000081f0300000) (1024K)]
  0x00000271f549a680 JavaThread "Worker-11"                         [_thread_blocked, id=20776, stack(0x00000081efd00000,0x00000081efe00000) (1024K)]
Total: 31

Other Threads:
  0x000002719421b1a0 VMThread "VM Thread"                           [id=6220, stack(0x00000081ee800000,0x00000081ee900000) (1024K)]
  0x00000271941c64c0 WatcherThread "VM Periodic Task Thread"        [id=21728, stack(0x00000081ee700000,0x00000081ee800000) (1024K)]
  0x0000027194177860 WorkerThread "GC Thread#0"                     [id=14908, stack(0x00000081ee600000,0x00000081ee700000) (1024K)]
  0x00000271f1281150 WorkerThread "GC Thread#1"                     [id=1272, stack(0x00000081ef300000,0x00000081ef400000) (1024K)]
  0x00000271ecb299c0 WorkerThread "GC Thread#2"                     [id=22776, stack(0x00000081ef400000,0x00000081ef500000) (1024K)]
  0x00000271ecb29d60 WorkerThread "GC Thread#3"                     [id=14104, stack(0x00000081ef500000,0x00000081ef600000) (1024K)]
Total: 6

Threads with active compile tasks:
Total: 0

VM state: not at safepoint (normal execution)

VM Mutex/Monitor currently owned by a thread: None

Heap address: 0x0000000080000000, size: 2048 MB, Compressed Oops mode: 32-bit

CDS archive(s) mapped at: [0x00000271ab000000-0x00000271abba0000-0x00000271abba0000), size 12189696, SharedBaseAddress: 0x00000271ab000000, ArchiveRelocationMode: 1.
Compressed class space mapped at: 0x00000271ac000000-0x00000271ec000000, reserved size: 1073741824
Narrow klass base: 0x00000271ab000000, Narrow klass shift: 0, Narrow klass range: 0x100000000

GC Precious Log:
 CardTable entry size: 512
 CPUs: 4 total, 4 available
 Memory: 3798M
 Large Page Support: Disabled
 NUMA Support: Disabled
 Compressed Oops: Enabled (32-bit)
 Alignments: Space 512K, Generation 512K, Heap 2M
 Heap Min Capacity: 100M
 Heap Initial Capacity: 100M
 Heap Max Capacity: 2G
 Pre-touch: Disabled
 Parallel Workers: 4

Heap:
 PSYoungGen      total 3072K, used 1113K [0x00000000d5580000, 0x00000000d5980000, 0x0000000100000000)
  eden space 2560K, 38% used [0x00000000d5580000,0x00000000d5676748,0x00000000d5800000)
  from space 512K, 25% used [0x00000000d5800000,0x00000000d5820000,0x00000000d5880000)
  to   space 512K, 0% used [0x00000000d5900000,0x00000000d5900000,0x00000000d5980000)
 ParOldGen       total 951296K, used 153734K [0x0000000080000000, 0x00000000ba100000, 0x00000000d5580000)
  object space 951296K, 16% used [0x0000000080000000,0x00000000896218c0,0x00000000ba100000)
 Metaspace       used 78048K, committed 79616K, reserved 1179648K
  class space    used 7937K, committed 8704K, reserved 1048576K

Card table byte_map: [0x0000027193b00000,0x0000027193f10000] _byte_map_base: 0x0000027193700000

Marking Bits: (ParMarkBitMap*) 0x00007ffe5e38a340
 Begin Bits: [0x00000271a6600000, 0x00000271a8600000)
 End Bits:   [0x00000271a8600000, 0x00000271aa600000)

Polling page: 0x0000027191fd0000

Metaspace:

Usage:
  Non-class:     68.47 MB used.
      Class:      7.75 MB used.
       Both:     76.22 MB used.

Virtual space:
  Non-class space:      128.00 MB reserved,      69.25 MB ( 54%) committed,  2 nodes.
      Class space:        1.00 GB reserved,       8.50 MB ( <1%) committed,  1 nodes.
             Both:        1.12 GB reserved,      77.75 MB (  7%) committed. 

Chunk freelists:
   Non-Class:  10.72 MB
       Class:  7.61 MB
        Both:  18.33 MB

MaxMetaspaceSize: unlimited
CompressedClassSpaceSize: 1.00 GB
Initial GC threshold: 21.00 MB
Current GC threshold: 127.62 MB
CDS: on
 - commit_granule_bytes: 65536.
 - commit_granule_words: 8192.
 - virtual_space_node_default_size: 8388608.
 - enlarge_chunks_in_place: 1.
 - use_allocation_guard: 0.


Internal statistics:

num_allocs_failed_limit: 9.
num_arena_births: 1514.
num_arena_deaths: 500.
num_vsnodes_births: 3.
num_vsnodes_deaths: 0.
num_space_committed: 1244.
num_space_uncommitted: 0.
num_chunks_returned_to_freelist: 617.
num_chunks_taken_from_freelist: 5388.
num_chunk_merges: 194.
num_chunk_splits: 3146.
num_chunks_enlarged: 1774.
num_inconsistent_stats: 0.

CodeHeap 'non-profiled nmethods': size=120000Kb used=13931Kb max_used=13931Kb free=106068Kb
 bounds [0x000002719ee20000, 0x000002719fbc0000, 0x00000271a6350000]
CodeHeap 'profiled nmethods': size=120000Kb used=36570Kb max_used=36570Kb free=83429Kb
 bounds [0x0000027197350000, 0x0000027199710000, 0x000002719e880000]
CodeHeap 'non-nmethods': size=5760Kb used=1517Kb max_used=1570Kb free=4242Kb
 bounds [0x000002719e880000, 0x000002719eaf0000, 0x000002719ee20000]
CodeCache: size=245760Kb, used=52018Kb, max_used=52071Kb, free=193739Kb
 total_blobs=15881, nmethods=15053, adapters=731, full_count=0
Compilation: enabled, stopped_count=0, restarted_count=0

Compilation events (20 events):
Event: 81297.959 Thread 0x000002719405bc20 16545       4       java.util.stream.ForEachOps$ForEachOp$OfRef::accept (11 bytes)
Event: 81297.994 Thread 0x000002719405bc20 nmethod 16545 0x000002719fbb8b10 code [0x000002719fbb8ca0, 0x000002719fbb8d50]
Event: 81771.560 Thread 0x000002719405bc20 16546       4       org.eclipse.jdt.ls.core.internal.filesystem.JLSFsUtils::isProjectMetadataFile (71 bytes)
Event: 81771.872 Thread 0x000002719405bc20 nmethod 16546 0x000002719fbb8e10 code [0x000002719fbb9060, 0x000002719fbb9938]
Event: 81833.277 Thread 0x000002719405bc20 16547       4       java.util.concurrent.locks.AbstractQueuedSynchronizer$Node::clearStatus (12 bytes)
Event: 81833.300 Thread 0x000002719405bc20 nmethod 16547 0x000002719fbba010 code [0x000002719fbba1a0, 0x000002719fbba230]
Event: 81837.975 Thread 0x000002719405bc20 16548   !   4       java.util.concurrent.locks.AbstractQueuedSynchronizer::tryInitializeHead (66 bytes)
Event: 81837.997 Thread 0x000002719405bc20 nmethod 16548 0x000002719fbba310 code [0x000002719fbba4a0, 0x000002719fbba658]
Event: 82269.267 Thread 0x00000271940cf620 16549       3       java.util.concurrent.locks.AbstractQueuedSynchronizer::enqueue (72 bytes)
Event: 82269.312 Thread 0x00000271940cf620 nmethod 16549 0x0000027197f26a90 code [0x0000027197f26cc0, 0x0000027197f27370]
Event: 82269.313 Thread 0x00000271940cf620 16550   !   3       org.eclipse.core.internal.utils.FileUtil::canonicalPath (43 bytes)
Event: 82269.410 Thread 0x00000271940cf620 nmethod 16550 0x0000027199705c90 code [0x0000027199705f00, 0x0000027199706688]
Event: 82269.433 Thread 0x00000271940cf620 16552       3       org.eclipse.core.internal.localstore.FileSystemResourceManager::allResourcesFor (202 bytes)
Event: 82269.439 Thread 0x000002719405bc20 16554       4       java.util.TreeMap::getEntry (77 bytes)
Event: 82269.493 Thread 0x00000271940cf620 nmethod 16552 0x0000027199706b10 code [0x0000027199706e40, 0x0000027199708a70]
Event: 82269.493 Thread 0x00000271940cf620 16553       3       org.eclipse.core.internal.localstore.FileSystemResourceManager::allPathsForLocation (31 bytes)
Event: 82269.494 Thread 0x00000271940cf620 nmethod 16553 0x0000027197acea10 code [0x0000027197acebe0, 0x0000027197acef48]
Event: 82269.504 Thread 0x000002719405bc20 nmethod 16554 0x000002719fbba790 code [0x000002719fbba920, 0x000002719fbbab70]
Event: 82331.182 Thread 0x00000271940cf620 16556       3       org.eclipse.core.internal.resources.WorkspaceRoot::findFilesForLocationURI (7 bytes)
Event: 82331.261 Thread 0x00000271940cf620 nmethod 16556 0x0000027197f26090 code [0x0000027197f26280, 0x0000027197f26828]

GC Heap History (20 events):
Event: 45821.203 GC heap before
{Heap before GC invocations=1260 (full 4):
 PSYoungGen      total 2560K, used 2464K [0x00000000d5580000, 0x00000000d5900000, 0x0000000100000000)
  eden space 2048K, 100% used [0x00000000d5580000,0x00000000d5780000,0x00000000d5780000)
  from space 512K, 81% used [0x00000000d5780000,0x00000000d57e8000,0x00000000d5800000)
  to   space 512K, 0% used [0x00000000d5880000,0x00000000d5880000,0x00000000d5900000)
 ParOldGen       total 951296K, used 151285K [0x0000000080000000, 0x00000000ba100000, 0x00000000d5580000)
  object space 951296K, 15% used [0x0000000080000000,0x00000000893bd430,0x00000000ba100000)
 Metaspace       used 77900K, committed 79488K, reserved 1179648K
  class space    used 7935K, committed 8704K, reserved 1048576K
}
Event: 45821.206 GC heap after
{Heap after GC invocations=1260 (full 4):
 PSYoungGen      total 3072K, used 224K [0x00000000d5580000, 0x00000000d5900000, 0x0000000100000000)
  eden space 2560K, 0% used [0x00000000d5580000,0x00000000d5580000,0x00000000d5800000)
  from space 512K, 43% used [0x00000000d5880000,0x00000000d58b8000,0x00000000d5900000)
  to   space 512K, 0% used [0x00000000d5800000,0x00000000d5800000,0x00000000d5880000)
 ParOldGen       total 951296K, used 151645K [0x0000000080000000, 0x00000000ba100000, 0x00000000d5580000)
  object space 951296K, 15% used [0x0000000080000000,0x0000000089417430,0x00000000ba100000)
 Metaspace       used 77900K, committed 79488K, reserved 1179648K
  class space    used 7935K, committed 8704K, reserved 1048576K
}
Event: 45821.278 GC heap before
{Heap before GC invocations=1261 (full 4):
 PSYoungGen      total 3072K, used 2784K [0x00000000d5580000, 0x00000000d5900000, 0x0000000100000000)
  eden space 2560K, 100% used [0x00000000d5580000,0x00000000d5800000,0x00000000d5800000)
  from space 512K, 43% used [0x00000000d5880000,0x00000000d58b8000,0x00000000d5900000)
  to   space 512K, 0% used [0x00000000d5800000,0x00000000d5800000,0x00000000d5880000)
 ParOldGen       total 951296K, used 151645K [0x0000000080000000, 0x00000000ba100000, 0x00000000d5580000)
  object space 951296K, 15% used [0x0000000080000000,0x0000000089417430,0x00000000ba100000)
 Metaspace       used 77938K, committed 79488K, reserved 1179648K
  class space    used 7935K, committed 8704K, reserved 1048576K
}
Event: 45821.280 GC heap after
{Heap after GC invocations=1261 (full 4):
 PSYoungGen      total 3072K, used 372K [0x00000000d5580000, 0x00000000d5900000, 0x0000000100000000)
  eden space 2560K, 0% used [0x00000000d5580000,0x00000000d5580000,0x00000000d5800000)
  from space 512K, 72% used [0x00000000d5800000,0x00000000d585d200,0x00000000d5880000)
  to   space 512K, 0% used [0x00000000d5880000,0x00000000d5880000,0x00000000d5900000)
 ParOldGen       total 951296K, used 151789K [0x0000000080000000, 0x00000000ba100000, 0x00000000d5580000)
  object space 951296K, 15% used [0x0000000080000000,0x000000008943b450,0x00000000ba100000)
 Metaspace       used 77938K, committed 79488K, reserved 1179648K
  class space    used 7935K, committed 8704K, reserved 1048576K
}
Event: 45824.083 GC heap before
{Heap before GC invocations=1262 (full 4):
 PSYoungGen      total 3072K, used 2932K [0x00000000d5580000, 0x00000000d5900000, 0x0000000100000000)
  eden space 2560K, 100% used [0x00000000d5580000,0x00000000d5800000,0x00000000d5800000)
  from space 512K, 72% used [0x00000000d5800000,0x00000000d585d200,0x00000000d5880000)
  to   space 512K, 0% used [0x00000000d5880000,0x00000000d5880000,0x00000000d5900000)
 ParOldGen       total 951296K, used 151789K [0x0000000080000000, 0x00000000ba100000, 0x00000000d5580000)
  object space 951296K, 15% used [0x0000000080000000,0x000000008943b450,0x00000000ba100000)
 Metaspace       used 77954K, committed 79488K, reserved 1179648K
  class space    used 7935K, committed 8704K, reserved 1048576K
}
Event: 45824.086 GC heap after
{Heap after GC invocations=1262 (full 4):
 PSYoungGen      total 3072K, used 96K [0x00000000d5580000, 0x00000000d5900000, 0x0000000100000000)
  eden space 2560K, 0% used [0x00000000d5580000,0x00000000d5580000,0x00000000d5800000)
  from space 512K, 18% used [0x00000000d5880000,0x00000000d5898000,0x00000000d5900000)
  to   space 512K, 0% used [0x00000000d5800000,0x00000000d5800000,0x00000000d5880000)
 ParOldGen       total 951296K, used 152053K [0x0000000080000000, 0x00000000ba100000, 0x00000000d5580000)
  object space 951296K, 15% used [0x0000000080000000,0x000000008947d450,0x00000000ba100000)
 Metaspace       used 77954K, committed 79488K, reserved 1179648K
  class space    used 7935K, committed 8704K, reserved 1048576K
}
Event: 45824.114 GC heap before
{Heap before GC invocations=1263 (full 4):
 PSYoungGen      total 3072K, used 2656K [0x00000000d5580000, 0x00000000d5900000, 0x0000000100000000)
  eden space 2560K, 100% used [0x00000000d5580000,0x00000000d5800000,0x00000000d5800000)
  from space 512K, 18% used [0x00000000d5880000,0x00000000d5898000,0x00000000d5900000)
  to   space 512K, 0% used [0x00000000d5800000,0x00000000d5800000,0x00000000d5880000)
 ParOldGen       total 951296K, used 152053K [0x0000000080000000, 0x00000000ba100000, 0x00000000d5580000)
  object space 951296K, 15% used [0x0000000080000000,0x000000008947d450,0x00000000ba100000)
 Metaspace       used 77967K, committed 79552K, reserved 1179648K
  class space    used 7936K, committed 8704K, reserved 1048576K
}
Event: 45824.115 GC heap after
{Heap after GC invocations=1263 (full 4):
 PSYoungGen      total 3072K, used 484K [0x00000000d5580000, 0x00000000d5a00000, 0x0000000100000000)
  eden space 2560K, 0% used [0x00000000d5580000,0x00000000d5580000,0x00000000d5800000)
  from space 512K, 94% used [0x00000000d5800000,0x00000000d5879210,0x00000000d5880000)
  to   space 1024K, 0% used [0x00000000d5900000,0x00000000d5900000,0x00000000d5a00000)
 ParOldGen       total 951296K, used 152093K [0x0000000080000000, 0x00000000ba100000, 0x00000000d5580000)
  object space 951296K, 15% used [0x0000000080000000,0x0000000089487460,0x00000000ba100000)
 Metaspace       used 77967K, committed 79552K, reserved 1179648K
  class space    used 7936K, committed 8704K, reserved 1048576K
}
Event: 45824.160 GC heap before
{Heap before GC invocations=1264 (full 4):
 PSYoungGen      total 3072K, used 3044K [0x00000000d5580000, 0x00000000d5a00000, 0x0000000100000000)
  eden space 2560K, 100% used [0x00000000d5580000,0x00000000d5800000,0x00000000d5800000)
  from space 512K, 94% used [0x00000000d5800000,0x00000000d5879210,0x00000000d5880000)
  to   space 1024K, 0% used [0x00000000d5900000,0x00000000d5900000,0x00000000d5a00000)
 ParOldGen       total 951296K, used 152093K [0x0000000080000000, 0x00000000ba100000, 0x00000000d5580000)
  object space 951296K, 15% used [0x0000000080000000,0x0000000089487460,0x00000000ba100000)
 Metaspace       used 77993K, committed 79552K, reserved 1179648K
  class space    used 7937K, committed 8704K, reserved 1048576K
}
Event: 45824.163 GC heap after
{Heap after GC invocations=1264 (full 4):
 PSYoungGen      total 3072K, used 288K [0x00000000d5580000, 0x00000000d5980000, 0x0000000100000000)
  eden space 2560K, 0% used [0x00000000d5580000,0x00000000d5580000,0x00000000d5800000)
  from space 512K, 56% used [0x00000000d5900000,0x00000000d5948000,0x00000000d5980000)
  to   space 512K, 0% used [0x00000000d5800000,0x00000000d5800000,0x00000000d5880000)
 ParOldGen       total 951296K, used 152505K [0x0000000080000000, 0x00000000ba100000, 0x00000000d5580000)
  object space 951296K, 16% used [0x0000000080000000,0x00000000894ee670,0x00000000ba100000)
 Metaspace       used 77993K, committed 79552K, reserved 1179648K
  class space    used 7937K, committed 8704K, reserved 1048576K
}
Event: 45824.181 GC heap before
{Heap before GC invocations=1265 (full 4):
 PSYoungGen      total 3072K, used 2848K [0x00000000d5580000, 0x00000000d5980000, 0x0000000100000000)
  eden space 2560K, 100% used [0x00000000d5580000,0x00000000d5800000,0x00000000d5800000)
  from space 512K, 56% used [0x00000000d5900000,0x00000000d5948000,0x00000000d5980000)
  to   space 512K, 0% used [0x00000000d5800000,0x00000000d5800000,0x00000000d5880000)
 ParOldGen       total 951296K, used 152505K [0x0000000080000000, 0x00000000ba100000, 0x00000000d5580000)
  object space 951296K, 16% used [0x0000000080000000,0x00000000894ee670,0x00000000ba100000)
 Metaspace       used 77999K, committed 79552K, reserved 1179648K
  class space    used 7937K, committed 8704K, reserved 1048576K
}
Event: 45824.183 GC heap after
{Heap after GC invocations=1265 (full 4):
 PSYoungGen      total 3072K, used 340K [0x00000000d5580000, 0x00000000d5980000, 0x0000000100000000)
  eden space 2560K, 0% used [0x00000000d5580000,0x00000000d5580000,0x00000000d5800000)
  from space 512K, 66% used [0x00000000d5800000,0x00000000d5855200,0x00000000d5880000)
  to   space 512K, 0% used [0x00000000d5900000,0x00000000d5900000,0x00000000d5980000)
 ParOldGen       total 951296K, used 152745K [0x0000000080000000, 0x00000000ba100000, 0x00000000d5580000)
  object space 951296K, 16% used [0x0000000080000000,0x000000008952a690,0x00000000ba100000)
 Metaspace       used 77999K, committed 79552K, reserved 1179648K
  class space    used 7937K, committed 8704K, reserved 1048576K
}
Event: 45824.208 GC heap before
{Heap before GC invocations=1266 (full 4):
 PSYoungGen      total 3072K, used 2900K [0x00000000d5580000, 0x00000000d5980000, 0x0000000100000000)
  eden space 2560K, 100% used [0x00000000d5580000,0x00000000d5800000,0x00000000d5800000)
  from space 512K, 66% used [0x00000000d5800000,0x00000000d5855200,0x00000000d5880000)
  to   space 512K, 0% used [0x00000000d5900000,0x00000000d5900000,0x00000000d5980000)
 ParOldGen       total 951296K, used 152745K [0x0000000080000000, 0x00000000ba100000, 0x00000000d5580000)
  object space 951296K, 16% used [0x0000000080000000,0x000000008952a690,0x00000000ba100000)
 Metaspace       used 78004K, committed 79552K, reserved 1179648K
  class space    used 7937K, committed 8704K, reserved 1048576K
}
Event: 45824.210 GC heap after
{Heap after GC invocations=1266 (full 4):
 PSYoungGen      total 3072K, used 448K [0x00000000d5580000, 0x00000000d5980000, 0x0000000100000000)
  eden space 2560K, 0% used [0x00000000d5580000,0x00000000d5580000,0x00000000d5800000)
  from space 512K, 87% used [0x00000000d5900000,0x00000000d5970000,0x00000000d5980000)
  to   space 512K, 0% used [0x00000000d5800000,0x00000000d5800000,0x00000000d5880000)
 ParOldGen       total 951296K, used 153006K [0x0000000080000000, 0x00000000ba100000, 0x00000000d5580000)
  object space 951296K, 16% used [0x0000000080000000,0x000000008956b890,0x00000000ba100000)
 Metaspace       used 78004K, committed 79552K, reserved 1179648K
  class space    used 7937K, committed 8704K, reserved 1048576K
}
Event: 45824.249 GC heap before
{Heap before GC invocations=1267 (full 4):
 PSYoungGen      total 3072K, used 3008K [0x00000000d5580000, 0x00000000d5980000, 0x0000000100000000)
  eden space 2560K, 100% used [0x00000000d5580000,0x00000000d5800000,0x00000000d5800000)
  from space 512K, 87% used [0x00000000d5900000,0x00000000d5970000,0x00000000d5980000)
  to   space 512K, 0% used [0x00000000d5800000,0x00000000d5800000,0x00000000d5880000)
 ParOldGen       total 951296K, used 153006K [0x0000000080000000, 0x00000000ba100000, 0x00000000d5580000)
  object space 951296K, 16% used [0x0000000080000000,0x000000008956b890,0x00000000ba100000)
 Metaspace       used 78006K, committed 79552K, reserved 1179648K
  class space    used 7937K, committed 8704K, reserved 1048576K
}
Event: 45824.252 GC heap after
{Heap after GC invocations=1267 (full 4):
 PSYoungGen      total 3072K, used 256K [0x00000000d5580000, 0x00000000d5980000, 0x0000000100000000)
  eden space 2560K, 0% used [0x00000000d5580000,0x00000000d5580000,0x00000000d5800000)
  from space 512K, 50% used [0x00000000d5800000,0x00000000d5840000,0x00000000d5880000)
  to   space 512K, 0% used [0x00000000d5900000,0x00000000d5900000,0x00000000d5980000)
 ParOldGen       total 951296K, used 153422K [0x0000000080000000, 0x00000000ba100000, 0x00000000d5580000)
  object space 951296K, 16% used [0x0000000080000000,0x00000000895d38a0,0x00000000ba100000)
 Metaspace       used 78006K, committed 79552K, reserved 1179648K
  class space    used 7937K, committed 8704K, reserved 1048576K
}
Event: 80586.967 GC heap before
{Heap before GC invocations=1268 (full 4):
 PSYoungGen      total 3072K, used 2816K [0x00000000d5580000, 0x00000000d5980000, 0x0000000100000000)
  eden space 2560K, 100% used [0x00000000d5580000,0x00000000d5800000,0x00000000d5800000)
  from space 512K, 50% used [0x00000000d5800000,0x00000000d5840000,0x00000000d5880000)
  to   space 512K, 0% used [0x00000000d5900000,0x00000000d5900000,0x00000000d5980000)
 ParOldGen       total 951296K, used 153422K [0x0000000080000000, 0x00000000ba100000, 0x00000000d5580000)
  object space 951296K, 16% used [0x0000000080000000,0x00000000895d38a0,0x00000000ba100000)
 Metaspace       used 78041K, committed 79616K, reserved 1179648K
  class space    used 7937K, committed 8704K, reserved 1048576K
}
Event: 80587.255 GC heap after
{Heap after GC invocations=1268 (full 4):
 PSYoungGen      total 3072K, used 192K [0x00000000d5580000, 0x00000000d5980000, 0x0000000100000000)
  eden space 2560K, 0% used [0x00000000d5580000,0x00000000d5580000,0x00000000d5800000)
  from space 512K, 37% used [0x00000000d5900000,0x00000000d5930000,0x00000000d5980000)
  to   space 512K, 0% used [0x00000000d5800000,0x00000000d5800000,0x00000000d5880000)
 ParOldGen       total 951296K, used 153606K [0x0000000080000000, 0x00000000ba100000, 0x00000000d5580000)
  object space 951296K, 16% used [0x0000000080000000,0x00000000896018c0,0x00000000ba100000)
 Metaspace       used 78041K, committed 79616K, reserved 1179648K
  class space    used 7937K, committed 8704K, reserved 1048576K
}
Event: 81771.565 GC heap before
{Heap before GC invocations=1269 (full 4):
 PSYoungGen      total 3072K, used 2752K [0x00000000d5580000, 0x00000000d5980000, 0x0000000100000000)
  eden space 2560K, 100% used [0x00000000d5580000,0x00000000d5800000,0x00000000d5800000)
  from space 512K, 37% used [0x00000000d5900000,0x00000000d5930000,0x00000000d5980000)
  to   space 512K, 0% used [0x00000000d5800000,0x00000000d5800000,0x00000000d5880000)
 ParOldGen       total 951296K, used 153606K [0x0000000080000000, 0x00000000ba100000, 0x00000000d5580000)
  object space 951296K, 16% used [0x0000000080000000,0x00000000896018c0,0x00000000ba100000)
 Metaspace       used 78041K, committed 79616K, reserved 1179648K
  class space    used 7937K, committed 8704K, reserved 1048576K
}
Event: 81771.713 GC heap after
{Heap after GC invocations=1269 (full 4):
 PSYoungGen      total 3072K, used 128K [0x00000000d5580000, 0x00000000d5980000, 0x0000000100000000)
  eden space 2560K, 0% used [0x00000000d5580000,0x00000000d5580000,0x00000000d5800000)
  from space 512K, 25% used [0x00000000d5800000,0x00000000d5820000,0x00000000d5880000)
  to   space 512K, 0% used [0x00000000d5900000,0x00000000d5900000,0x00000000d5980000)
 ParOldGen       total 951296K, used 153734K [0x0000000080000000, 0x00000000ba100000, 0x00000000d5580000)
  object space 951296K, 16% used [0x0000000080000000,0x00000000896218c0,0x00000000ba100000)
 Metaspace       used 78041K, committed 79616K, reserved 1179648K
  class space    used 7937K, committed 8704K, reserved 1048576K
}

Dll operation events (12 events):
Event: 0.029 Loaded shared library c:\Users\Asif Khan\.vscode\extensions\redhat.java-1.44.0-win32-x64\jre\21.0.8-win32-x86_64\bin\java.dll
Event: 0.411 Loaded shared library c:\Users\Asif Khan\.vscode\extensions\redhat.java-1.44.0-win32-x64\jre\21.0.8-win32-x86_64\bin\zip.dll
Event: 0.447 Loaded shared library C:\Users\Asif Khan\.vscode\extensions\redhat.java-1.44.0-win32-x64\jre\21.0.8-win32-x86_64\bin\instrument.dll
Event: 0.455 Loaded shared library C:\Users\Asif Khan\.vscode\extensions\redhat.java-1.44.0-win32-x64\jre\21.0.8-win32-x86_64\bin\net.dll
Event: 0.459 Loaded shared library C:\Users\Asif Khan\.vscode\extensions\redhat.java-1.44.0-win32-x64\jre\21.0.8-win32-x86_64\bin\nio.dll
Event: 0.485 Loaded shared library C:\Users\Asif Khan\.vscode\extensions\redhat.java-1.44.0-win32-x64\jre\21.0.8-win32-x86_64\bin\zip.dll
Event: 0.648 Loaded shared library C:\Users\Asif Khan\.vscode\extensions\redhat.java-1.44.0-win32-x64\jre\21.0.8-win32-x86_64\bin\jimage.dll
Event: 1.693 Loaded shared library c:\Users\Asif Khan\.vscode\extensions\redhat.java-1.44.0-win32-x64\jre\21.0.8-win32-x86_64\bin\verify.dll
Event: 9.434 Loaded shared library C:\Users\Asif Khan\AppData\Roaming\Code\User\globalStorage\redhat.java\1.44.0\config_win\org.eclipse.equinox.launcher\org.eclipse.equinox.launcher.win32.win32.x86_64_1.2.1400.v20250730-1736\eclipse_11913.dll
Event: 16.475 Loaded shared library C:\Users\Asif Khan\AppData\Local\Temp\jna--1310028037\jna18082409472027238339.dll
Event: 18.077 Loaded shared library C:\Users\Asif Khan\.vscode\extensions\redhat.java-1.44.0-win32-x64\jre\21.0.8-win32-x86_64\bin\sunmscapi.dll
Event: 18.645 Loaded shared library C:\Users\Asif Khan\.vscode\extensions\redhat.java-1.44.0-win32-x64\jre\21.0.8-win32-x86_64\bin\extnet.dll

Deoptimization events (20 events):
Event: 45821.184 Thread 0x00000271f5497200 Uncommon trap: trap_request=0xffffffc6 fr.pc=0x000002719f52f7bc relative=0x00000000000001dc
Event: 45821.184 Thread 0x00000271f5497200 Uncommon trap: reason=bimorphic_or_optimized_type_check action=maybe_recompile pc=0x000002719f52f7bc method=java.util.stream.ReduceOps$ReduceOp.evaluateSequential(Ljava/util/stream/PipelineHelper;Ljava/util/Spliterator;)Ljava/lang/Object; @ 2 c2
Event: 45821.184 Thread 0x00000271f5497200 DEOPT PACKING pc=0x000002719f52f7bc sp=0x00000081f00fe6a0
Event: 45821.184 Thread 0x00000271f5497200 DEOPT UNPACKING pc=0x000002719e8d6da2 sp=0x00000081f00fe620 mode 2
Event: 45821.212 Thread 0x00000271f5497200 Uncommon trap: trap_request=0xffffffc6 fr.pc=0x000002719f6254cc relative=0x0000000000000f2c
Event: 45821.212 Thread 0x00000271f5497200 Uncommon trap: reason=bimorphic_or_optimized_type_check action=maybe_recompile pc=0x000002719f6254cc method=java.util.concurrent.ConcurrentHashMap.putVal(Ljava/lang/Object;Ljava/lang/Object;Z)Ljava/lang/Object; @ 159 c2
Event: 45821.212 Thread 0x00000271f5497200 DEOPT PACKING pc=0x000002719f6254cc sp=0x00000081f00fda00
Event: 45821.212 Thread 0x00000271f5497200 DEOPT UNPACKING pc=0x000002719e8d6da2 sp=0x00000081f00fd980 mode 2
Event: 45821.282 Thread 0x00000271f5497200 Uncommon trap: trap_request=0xffffffd6 fr.pc=0x000002719fb4c9e0 relative=0x00000000000001c0
Event: 45821.282 Thread 0x00000271f5497200 Uncommon trap: reason=array_check action=maybe_recompile pc=0x000002719fb4c9e0 method=java.util.Arrays.fill([Ljava/lang/Object;Ljava/lang/Object;)V @ 13 c2
Event: 45821.282 Thread 0x00000271f5497200 DEOPT PACKING pc=0x000002719fb4c9e0 sp=0x00000081f00fe580
Event: 45821.282 Thread 0x00000271f5497200 DEOPT UNPACKING pc=0x000002719e8d6da2 sp=0x00000081f00fe520 mode 2
Event: 45821.288 Thread 0x00000271f5497200 Uncommon trap: trap_request=0xffffffd6 fr.pc=0x000002719fb4c9e0 relative=0x00000000000001c0
Event: 45821.288 Thread 0x00000271f5497200 Uncommon trap: reason=array_check action=maybe_recompile pc=0x000002719fb4c9e0 method=java.util.Arrays.fill([Ljava/lang/Object;Ljava/lang/Object;)V @ 13 c2
Event: 45821.288 Thread 0x00000271f5497200 DEOPT PACKING pc=0x000002719fb4c9e0 sp=0x00000081f00fe610
Event: 45821.288 Thread 0x00000271f5497200 DEOPT UNPACKING pc=0x000002719e8d6da2 sp=0x00000081f00fe5b0 mode 2
Event: 45824.219 Thread 0x00000271f3ac3a00 DEOPT PACKING pc=0x000002719843c35d sp=0x00000081f10fcb10
Event: 45824.219 Thread 0x00000271f3ac3a00 DEOPT UNPACKING pc=0x000002719e8d78e2 sp=0x00000081f10fc020 mode 0
Event: 80103.543 Thread 0x00000271f3ac6e80 DEOPT PACKING pc=0x0000027199300841 sp=0x00000081f0ffe8a0
Event: 80103.545 Thread 0x00000271f3ac6e80 DEOPT UNPACKING pc=0x000002719e8d78e2 sp=0x00000081f0ffdd80 mode 0

Classes loaded (20 events):
Event: 45620.753 Loading class jdk/internal/event/SecurityPropertyModificationEvent
Event: 45620.755 Loading class jdk/internal/event/SecurityPropertyModificationEvent done
Event: 45620.811 Loading class javax/crypto/spec/IvParameterSpec
Event: 45620.812 Loading class javax/crypto/spec/IvParameterSpec done
Event: 45620.814 Loading class javax/crypto/spec/SecretKeySpec
Event: 45620.814 Loading class javax/crypto/spec/SecretKeySpec done
Event: 45620.817 Loading class jdk/internal/access/JavaxCryptoSpecAccess
Event: 45620.818 Loading class jdk/internal/access/JavaxCryptoSpecAccess done
Event: 45620.847 Loading class javax/crypto/NullCipher
Event: 45620.847 Loading class javax/crypto/NullCipher done
Event: 45620.847 Loading class sun/security/util/ArrayUtil
Event: 45620.848 Loading class sun/security/util/ArrayUtil done
Event: 45620.875 Loading class java/lang/UnsupportedClassVersionError
Event: 45620.876 Loading class java/lang/UnsupportedClassVersionError done
Event: 45620.899 Loading class java/util/zip/CheckedInputStream
Event: 45620.901 Loading class java/util/zip/CheckedInputStream done
Event: 45621.073 Loading class java/util/zip/GZIPInputStream$1
Event: 45621.074 Loading class java/util/zip/GZIPInputStream$1 done
Event: 45622.598 Loading class jdk/internal/ref/CleanerImpl$InnocuousThreadFactory
Event: 45622.599 Loading class jdk/internal/ref/CleanerImpl$InnocuousThreadFactory done

Classes unloaded (20 events):
Event: 45672.510 Thread 0x000002719421b1a0 Unloading class 0x00000271ac080000 'java/lang/invoke/LambdaForm$MH+0x00000271ac080000'
Event: 45672.510 Thread 0x000002719421b1a0 Unloading class 0x00000271ac01ec00 'java/lang/invoke/LambdaForm$MH+0x00000271ac01ec00'
Event: 45672.510 Thread 0x000002719421b1a0 Unloading class 0x00000271ac00d800 'java/lang/invoke/LambdaForm$MH+0x00000271ac00d800'
Event: 45672.510 Thread 0x000002719421b1a0 Unloading class 0x00000271ac00d400 'java/lang/invoke/LambdaForm$MH+0x00000271ac00d400'
Event: 45672.510 Thread 0x000002719421b1a0 Unloading class 0x00000271ac00d000 'java/lang/invoke/LambdaForm$MH+0x00000271ac00d000'
Event: 45672.510 Thread 0x000002719421b1a0 Unloading class 0x00000271ac00cc00 'java/lang/invoke/LambdaForm$MH+0x00000271ac00cc00'
Event: 45672.510 Thread 0x000002719421b1a0 Unloading class 0x00000271ac00c800 'java/lang/invoke/LambdaForm$BMH+0x00000271ac00c800'
Event: 45672.510 Thread 0x000002719421b1a0 Unloading class 0x00000271ac00c000 'java/lang/invoke/LambdaForm$DMH+0x00000271ac00c000'
Event: 45672.510 Thread 0x000002719421b1a0 Unloading class 0x00000271ac008c00 'java/lang/invoke/LambdaForm$MH+0x00000271ac008c00'
Event: 45672.510 Thread 0x000002719421b1a0 Unloading class 0x00000271ac008800 'java/lang/invoke/LambdaForm$MH+0x00000271ac008800'
Event: 45672.510 Thread 0x000002719421b1a0 Unloading class 0x00000271ac008400 'java/lang/invoke/LambdaForm$MH+0x00000271ac008400'
Event: 45672.510 Thread 0x000002719421b1a0 Unloading class 0x00000271ac007000 'java/lang/invoke/LambdaForm$MH+0x00000271ac007000'
Event: 45672.510 Thread 0x000002719421b1a0 Unloading class 0x00000271ac006c00 'java/lang/invoke/LambdaForm$MH+0x00000271ac006c00'
Event: 45672.510 Thread 0x000002719421b1a0 Unloading class 0x00000271ac006800 'java/lang/invoke/LambdaForm$MH+0x00000271ac006800'
Event: 45672.510 Thread 0x000002719421b1a0 Unloading class 0x00000271ac006400 'java/lang/invoke/LambdaForm$MH+0x00000271ac006400'
Event: 45672.510 Thread 0x000002719421b1a0 Unloading class 0x00000271ac005c00 'java/lang/invoke/LambdaForm$BMH+0x00000271ac005c00'
Event: 45672.510 Thread 0x000002719421b1a0 Unloading class 0x00000271ac004800 'java/lang/invoke/LambdaForm$DMH+0x00000271ac004800'
Event: 45672.510 Thread 0x000002719421b1a0 Unloading class 0x00000271ac002400 'java/lang/invoke/LambdaForm$MH+0x00000271ac002400'
Event: 45672.511 Thread 0x000002719421b1a0 Unloading class 0x00000271ac002000 'java/lang/invoke/LambdaForm$MH+0x00000271ac002000'
Event: 45672.511 Thread 0x000002719421b1a0 Unloading class 0x00000271ac001800 'java/lang/invoke/LambdaForm$MH+0x00000271ac001800'

Classes redefined (0 events):
No events

Internal exceptions (20 events):
Event: 45619.940 Thread 0x00000271f3ac3a00 Exception <a 'java/io/FileNotFoundException'{0x00000000d594e310}> (0x00000000d594e310) 
thrown [s\src\hotspot\share\prims\jni.cpp, line 520]
Event: 45620.329 Thread 0x00000271f3ac3a00 Exception <a 'java/lang/IncompatibleClassChangeError'{0x00000000d5afda10}: Found class java.lang.Object, but interface was expected> (0x00000000d5afda10) 
thrown [s\src\hotspot\share\interpreter\linkResolver.cpp, line 840]
Event: 45620.613 Thread 0x00000271f3ac3a00 Exception <a 'java/lang/IncompatibleClassChangeError'{0x00000000d5886668}: Found class java.lang.Object, but interface was expected> (0x00000000d5886668) 
thrown [s\src\hotspot\share\interpreter\linkResolver.cpp, line 840]
Event: 45620.623 Thread 0x00000271f3ac3a00 Exception <a 'java/lang/IncompatibleClassChangeError'{0x00000000d58a2740}: Found class java.lang.Object, but interface was expected> (0x00000000d58a2740) 
thrown [s\src\hotspot\share\interpreter\linkResolver.cpp, line 840]
Event: 45620.624 Thread 0x00000271f3ac3a00 Exception <a 'java/lang/IncompatibleClassChangeError'{0x00000000d58ad020}: Found class java.lang.Object, but interface was expected> (0x00000000d58ad020) 
thrown [s\src\hotspot\share\interpreter\linkResolver.cpp, line 840]
Event: 45620.628 Thread 0x00000271f3ac3a00 Exception <a 'java/lang/IncompatibleClassChangeError'{0x00000000d58c0290}: Found class java.lang.Object, but interface was expected> (0x00000000d58c0290) 
thrown [s\src\hotspot\share\interpreter\linkResolver.cpp, line 840]
Event: 45620.784 Thread 0x00000271f54985b0 Exception <a 'java/lang/NoSuchMethodError'{0x00000000d59fa028}: 'java.lang.Object java.lang.invoke.DirectMethodHandle$Holder.invokeSpecial(java.lang.Object, java.lang.Object, int, long)'> (0x00000000d59fa028) 
thrown [s\src\hotspot\share\interpreter\linkResolver.cpp, line 773]
Event: 45620.813 Thread 0x00000271f5498c40 Exception <a 'java/lang/NoSuchMethodError'{0x00000000d56e42d8}: 'java.lang.Object java.lang.invoke.DirectMethodHandle$Holder.invokeSpecial(java.lang.Object, java.lang.Object, java.lang.Object, java.lang.Object, int, java.lang.Object, java.lang.Object)'> (0x00000000d56e42d8) 
thrown [s\src\hotspot\share\interpreter\linkResolver.cpp, line 773]
Event: 45621.122 Thread 0x00000271f5497f20 Exception <a 'java/lang/NoSuchMethodError'{0x00000000d55cfae8}: 'int java.lang.invoke.Invokers$Holder.invokeExact_MT(java.lang.Object, java.lang.Object)'> (0x00000000d55cfae8) 
thrown [s\src\hotspot\share\interpreter\linkResolver.cpp, line 773]
Event: 45622.243 Thread 0x00000271f5497200 Implicit null exception at 0x000002719f4444da to 0x000002719f444533
Event: 45622.694 Thread 0x00000271f5497f20 Exception <a 'java/lang/NoSuchMethodError'{0x00000000d59bf1e8}: 'java.lang.Object java.lang.invoke.DirectMethodHandle$Holder.newInvokeSpecial(java.lang.Object, java.lang.Object, int, java.lang.Object, java.lang.Object, java.lang.Object, java.lang.Object)'> (0x00000000d59bf1e8) 
thrown [s\src\hotspot\share\interpreter\linkResolver.cpp, line 773]
Event: 45638.705 Thread 0x00000271f3ac3a00 Exception <a 'java/lang/IncompatibleClassChangeError'{0x00000000d57ff550}: Found class java.lang.Object, but interface was expected> (0x00000000d57ff550) 
thrown [s\src\hotspot\share\interpreter\linkResolver.cpp, line 840]
Event: 45673.514 Thread 0x00000271f5497200 Implicit null exception at 0x000002719f2eb90e to 0x000002719f2eb9b5
Event: 45673.515 Thread 0x00000271f5497200 Implicit null exception at 0x000002719f196588 to 0x000002719f1979c0
Event: 45708.011 Thread 0x00000271f5497200 Implicit null exception at 0x000002719f1f75d1 to 0x000002719f1f7848
Event: 45708.194 Thread 0x00000271f3ac3a00 Exception <a 'java/lang/IncompatibleClassChangeError'{0x00000000d55aba00}: Found class java.lang.Object, but interface was expected> (0x00000000d55aba00) 
thrown [s\src\hotspot\share\interpreter\linkResolver.cpp, line 840]
Event: 45708.226 Thread 0x00000271f5497200 Exception <a 'java/lang/NoSuchMethodError'{0x00000000d55e4700}: 'java.lang.Object java.lang.invoke.DirectMethodHandle$Holder.invokeStatic(java.lang.Object, int, int, java.lang.Object)'> (0x00000000d55e4700) 
thrown [s\src\hotspot\share\interpreter\linkResolver.cpp, line 773]
Event: 45709.050 Thread 0x00000271f5497f20 Implicit null exception at 0x000002719fa5073c to 0x000002719fa52580
Event: 45709.638 Thread 0x00000271f3ac3a00 Exception <a 'java/lang/IncompatibleClassChangeError'{0x00000000d560df10}: Found class java.lang.Object, but interface was expected> (0x00000000d560df10) 
thrown [s\src\hotspot\share\interpreter\linkResolver.cpp, line 840]
Event: 45814.473 Thread 0x00000271f3ac3a00 Exception <a 'java/lang/ClassNotFoundException'{0x00000000d5633000}: sun/util/logging/resources/spi/loggingProvider> (0x00000000d5633000) 
thrown [s\src\hotspot\share\classfile\systemDictionary.cpp, line 312]

ZGC Phase Switch (0 events):
No events

VM Operations (20 events):
Event: 82102.114 Executing VM operation: HandshakeAllThreads (HandshakeForDeflation)
Event: 82102.121 Executing VM operation: HandshakeAllThreads (HandshakeForDeflation) done
Event: 82102.121 Executing VM operation: RendezvousGCThreads
Event: 82102.121 Executing VM operation: RendezvousGCThreads done
Event: 82162.271 Executing VM operation: HandshakeAllThreads (HandshakeForDeflation)
Event: 82162.275 Executing VM operation: HandshakeAllThreads (HandshakeForDeflation) done
Event: 82162.275 Executing VM operation: RendezvousGCThreads
Event: 82162.275 Executing VM operation: RendezvousGCThreads done
Event: 82282.535 Executing VM operation: HandshakeAllThreads (HandshakeForDeflation)
Event: 82282.536 Executing VM operation: HandshakeAllThreads (HandshakeForDeflation) done
Event: 82282.536 Executing VM operation: RendezvousGCThreads
Event: 82282.536 Executing VM operation: RendezvousGCThreads done
Event: 82342.603 Executing VM operation: HandshakeAllThreads (HandshakeForDeflation)
Event: 82342.612 Executing VM operation: HandshakeAllThreads (HandshakeForDeflation) done
Event: 82342.612 Executing VM operation: RendezvousGCThreads
Event: 82342.612 Executing VM operation: RendezvousGCThreads done
Event: 82402.617 Executing VM operation: HandshakeAllThreads (HandshakeForDeflation)
Event: 82402.628 Executing VM operation: HandshakeAllThreads (HandshakeForDeflation) done
Event: 82402.629 Executing VM operation: RendezvousGCThreads
Event: 82402.629 Executing VM operation: RendezvousGCThreads done

Memory protections (0 events):
No events

Nmethod flushes (20 events):
Event: 45672.884 Thread 0x000002719421b1a0 flushing  nmethod 0x000002719832d190
Event: 45672.884 Thread 0x000002719421b1a0 flushing  nmethod 0x000002719832de90
Event: 45672.884 Thread 0x000002719421b1a0 flushing  nmethod 0x000002719832ea10
Event: 45672.884 Thread 0x000002719421b1a0 flushing  nmethod 0x000002719832ed90
Event: 45672.884 Thread 0x000002719421b1a0 flushing  nmethod 0x000002719832f210
Event: 45672.884 Thread 0x000002719421b1a0 flushing  nmethod 0x0000027198346c10
Event: 45672.884 Thread 0x000002719421b1a0 flushing  nmethod 0x0000027198347090
Event: 45672.884 Thread 0x000002719421b1a0 flushing  nmethod 0x000002719834f890
Event: 45672.884 Thread 0x000002719421b1a0 flushing  nmethod 0x000002719834fc90
Event: 45672.884 Thread 0x000002719421b1a0 flushing  nmethod 0x0000027198350690
Event: 45672.884 Thread 0x000002719421b1a0 flushing  nmethod 0x0000027198350b90
Event: 45672.884 Thread 0x000002719421b1a0 flushing  nmethod 0x0000027198351d90
Event: 45672.884 Thread 0x000002719421b1a0 flushing  nmethod 0x0000027198354c10
Event: 45672.884 Thread 0x000002719421b1a0 flushing  nmethod 0x000002719836bf90
Event: 45672.884 Thread 0x000002719421b1a0 flushing  nmethod 0x000002719836cc90
Event: 45672.884 Thread 0x000002719421b1a0 flushing  nmethod 0x0000027198373090
Event: 45672.884 Thread 0x000002719421b1a0 flushing  nmethod 0x0000027198b84c90
Event: 45672.884 Thread 0x000002719421b1a0 flushing  nmethod 0x0000027198b8d190
Event: 45672.884 Thread 0x000002719421b1a0 flushing  nmethod 0x0000027198cf6410
Event: 45672.884 Thread 0x000002719421b1a0 flushing  nmethod 0x0000027198d93510

Events (20 events):
Event: 326.479 Thread 0x00000271f5497200 Thread exited: 0x00000271f5497200
Event: 45620.247 Thread 0x00000271f3ac3a00 Thread added: 0x00000271f5497f20
Event: 45620.283 Thread 0x00000271f5496b70 Thread added: 0x00000271f5494aa0
Event: 45620.309 Thread 0x00000271f5494aa0 Thread added: 0x00000271f54985b0
Event: 45620.579 Thread 0x00000271f3ac3a00 Thread added: 0x00000271f5497200
Event: 45620.580 Thread 0x00000271f5497200 Thread added: 0x00000271f5498c40
Event: 45620.774 Thread 0x00000271f5497f20 Thread added: 0x00000271f54957c0
Event: 45621.393 Thread 0x00000271f54957c0 Thread exited: 0x00000271f54957c0
Event: 45622.600 Thread 0x00000271f5497f20 Thread added: 0x00000271f54957c0
Event: 45681.405 Thread 0x00000271f5494aa0 Thread exited: 0x00000271f5494aa0
Event: 45681.410 Thread 0x00000271f54985b0 Thread exited: 0x00000271f54985b0
Event: 45770.257 Thread 0x00000271f5497f20 Thread exited: 0x00000271f5497f20
Event: 45813.560 Thread 0x00000271f3ac3a00 Thread added: 0x00000271f5497f20
Event: 45815.018 Thread 0x00000271f3ac3a00 Thread added: 0x00000271f5494aa0
Event: 45815.020 Thread 0x00000271f5494aa0 Thread added: 0x00000271f549a680
Event: 45881.864 Thread 0x00000271f5497200 Thread exited: 0x00000271f5497200
Event: 45884.323 Thread 0x00000271f5494aa0 Thread exited: 0x00000271f5494aa0
Event: 45941.900 Thread 0x00000271f5498c40 Thread exited: 0x00000271f5498c40
Event: 46001.903 Thread 0x00000271f5497f20 Thread exited: 0x00000271f5497f20
Event: 46064.351 Thread 0x00000271f3ac7510 Thread exited: 0x00000271f3ac7510


Dynamic libraries:
0x00007ff7815d0000 - 0x00007ff7815de000 	c:\Users\Asif Khan\.vscode\extensions\redhat.java-1.44.0-win32-x64\jre\21.0.8-win32-x86_64\bin\java.exe
0x00007ffeadcc0000 - 0x00007ffeadf27000 	C:\WINDOWS\SYSTEM32\ntdll.dll
0x00007ffeac420000 - 0x00007ffeac4e9000 	C:\WINDOWS\System32\KERNEL32.DLL
0x00007ffeab500000 - 0x00007ffeab8f0000 	C:\WINDOWS\System32\KERNELBASE.dll
0x00007ffeab900000 - 0x00007ffeaba4b000 	C:\WINDOWS\System32\ucrtbase.dll
0x00007ffe7fc20000 - 0x00007ffe7fc38000 	c:\Users\Asif Khan\.vscode\extensions\redhat.java-1.44.0-win32-x64\jre\21.0.8-win32-x86_64\bin\jli.dll
0x00007ffeabde0000 - 0x00007ffeabfa5000 	C:\WINDOWS\System32\USER32.dll
0x00007ffeaae90000 - 0x00007ffeaaeb7000 	C:\WINDOWS\System32\win32u.dll
0x00007ffead200000 - 0x00007ffead22b000 	C:\WINDOWS\System32\GDI32.dll
0x00007ffeaaf80000 - 0x00007ffeab0b8000 	C:\WINDOWS\System32\gdi32full.dll
0x00007ffeab2d0000 - 0x00007ffeab373000 	C:\WINDOWS\System32\msvcp_win.dll
0x00007ffe7c960000 - 0x00007ffe7c97e000 	c:\Users\Asif Khan\.vscode\extensions\redhat.java-1.44.0-win32-x64\jre\21.0.8-win32-x86_64\bin\VCRUNTIME140.dll
0x00007ffe91910000 - 0x00007ffe91baa000 	C:\WINDOWS\WinSxS\amd64_microsoft.windows.common-controls_6595b64144ccf1df_6.0.26100.4768_none_3e0c112ce331287c\COMCTL32.dll
0x00007ffeacf90000 - 0x00007ffead039000 	C:\WINDOWS\System32\msvcrt.dll
0x00007ffeac1a0000 - 0x00007ffeac1cf000 	C:\WINDOWS\System32\IMM32.DLL
0x00007ffe96b40000 - 0x00007ffe96b4c000 	c:\Users\Asif Khan\.vscode\extensions\redhat.java-1.44.0-win32-x64\jre\21.0.8-win32-x86_64\bin\vcruntime140_1.dll
0x00007ffe71a50000 - 0x00007ffe71add000 	c:\Users\Asif Khan\.vscode\extensions\redhat.java-1.44.0-win32-x64\jre\21.0.8-win32-x86_64\bin\msvcp140.dll
0x00007ffe5d6d0000 - 0x00007ffe5e467000 	c:\Users\Asif Khan\.vscode\extensions\redhat.java-1.44.0-win32-x64\jre\21.0.8-win32-x86_64\bin\server\jvm.dll
0x00007ffead040000 - 0x00007ffead0f4000 	C:\WINDOWS\System32\ADVAPI32.dll
0x00007ffeac4f0000 - 0x00007ffeac596000 	C:\WINDOWS\System32\sechost.dll
0x00007ffeacce0000 - 0x00007ffeacdf8000 	C:\WINDOWS\System32\RPCRT4.dll
0x00007ffeacc50000 - 0x00007ffeaccc4000 	C:\WINDOWS\System32\WS2_32.dll
0x00007ffeaac70000 - 0x00007ffeaacce000 	C:\WINDOWS\SYSTEM32\POWRPROF.dll
0x00007ffea4ef0000 - 0x00007ffea4f25000 	C:\WINDOWS\SYSTEM32\WINMM.dll
0x00007ffe97c10000 - 0x00007ffe97c1b000 	C:\WINDOWS\SYSTEM32\VERSION.dll
0x00007ffeaac50000 - 0x00007ffeaac64000 	C:\WINDOWS\SYSTEM32\UMPDC.dll
0x00007ffea9b70000 - 0x00007ffea9b8b000 	C:\WINDOWS\SYSTEM32\kernel.appcore.dll
0x00007ffe940f0000 - 0x00007ffe940fa000 	c:\Users\Asif Khan\.vscode\extensions\redhat.java-1.44.0-win32-x64\jre\21.0.8-win32-x86_64\bin\jimage.dll
0x00007ffea86c0000 - 0x00007ffea8901000 	C:\WINDOWS\SYSTEM32\DBGHELP.DLL
0x00007ffeaba50000 - 0x00007ffeabdd5000 	C:\WINDOWS\System32\combase.dll
0x00007ffead230000 - 0x00007ffead310000 	C:\WINDOWS\System32\OLEAUT32.dll
0x00007ffea4ea0000 - 0x00007ffea4ee3000 	C:\WINDOWS\SYSTEM32\dbgcore.DLL
0x00007ffeaadf0000 - 0x00007ffeaae89000 	C:\WINDOWS\System32\bcryptPrimitives.dll
0x00007ffe972b0000 - 0x00007ffe972bf000 	c:\Users\Asif Khan\.vscode\extensions\redhat.java-1.44.0-win32-x64\jre\21.0.8-win32-x86_64\bin\instrument.dll
0x00007ffe8cdb0000 - 0x00007ffe8cdcf000 	c:\Users\Asif Khan\.vscode\extensions\redhat.java-1.44.0-win32-x64\jre\21.0.8-win32-x86_64\bin\java.dll
0x00007ffead530000 - 0x00007ffeadc7d000 	C:\WINDOWS\System32\SHELL32.dll
0x00007ffeab150000 - 0x00007ffeab2c3000 	C:\WINDOWS\System32\wintypes.dll
0x00007ffea89f0000 - 0x00007ffea924f000 	C:\WINDOWS\SYSTEM32\windows.storage.dll
0x00007ffead100000 - 0x00007ffead1f5000 	C:\WINDOWS\System32\SHCORE.dll
0x00007ffeacbe0000 - 0x00007ffeacc4a000 	C:\WINDOWS\System32\shlwapi.dll
0x00007ffeaad10000 - 0x00007ffeaad39000 	C:\WINDOWS\SYSTEM32\profapi.dll
0x00007ffe8cd00000 - 0x00007ffe8cd18000 	c:\Users\Asif Khan\.vscode\extensions\redhat.java-1.44.0-win32-x64\jre\21.0.8-win32-x86_64\bin\zip.dll
0x00007ffe93fe0000 - 0x00007ffe93ff0000 	C:\Users\Asif Khan\.vscode\extensions\redhat.java-1.44.0-win32-x64\jre\21.0.8-win32-x86_64\bin\net.dll
0x00007ffe99410000 - 0x00007ffe9952e000 	C:\WINDOWS\SYSTEM32\WINHTTP.dll
0x00007ffeaa100000 - 0x00007ffeaa16b000 	C:\WINDOWS\system32\mswsock.dll
0x00007ffe81280000 - 0x00007ffe81296000 	C:\Users\Asif Khan\.vscode\extensions\redhat.java-1.44.0-win32-x64\jre\21.0.8-win32-x86_64\bin\nio.dll
0x00007ffe93aa0000 - 0x00007ffe93ab0000 	c:\Users\Asif Khan\.vscode\extensions\redhat.java-1.44.0-win32-x64\jre\21.0.8-win32-x86_64\bin\verify.dll
0x00007ffe70820000 - 0x00007ffe70865000 	C:\Users\Asif Khan\AppData\Roaming\Code\User\globalStorage\redhat.java\1.44.0\config_win\org.eclipse.equinox.launcher\org.eclipse.equinox.launcher.win32.win32.x86_64_1.2.1400.v20250730-1736\eclipse_11913.dll
0x00007ffeaca30000 - 0x00007ffeacbd0000 	C:\WINDOWS\System32\ole32.dll
0x00007ffeaa3c0000 - 0x00007ffeaa3db000 	C:\WINDOWS\SYSTEM32\CRYPTSP.dll
0x00007ffea9ad0000 - 0x00007ffea9b0b000 	C:\WINDOWS\system32\rsaenh.dll
0x00007ffeaa1a0000 - 0x00007ffeaa1cb000 	C:\WINDOWS\SYSTEM32\USERENV.dll
0x00007ffeaace0000 - 0x00007ffeaad06000 	C:\WINDOWS\SYSTEM32\bcrypt.dll
0x00007ffeaa3e0000 - 0x00007ffeaa3ec000 	C:\WINDOWS\SYSTEM32\CRYPTBASE.dll
0x00007ffea9580000 - 0x00007ffea95b3000 	C:\WINDOWS\SYSTEM32\IPHLPAPI.DLL
0x00007ffead510000 - 0x00007ffead51a000 	C:\WINDOWS\System32\NSI.dll
0x00007ffe6c5c0000 - 0x00007ffe6c609000 	C:\Users\Asif Khan\AppData\Local\Temp\jna--1310028037\jna18082409472027238339.dll
0x00007ffeac190000 - 0x00007ffeac198000 	C:\WINDOWS\System32\PSAPI.DLL
0x00007ffea1970000 - 0x00007ffea198f000 	C:\WINDOWS\SYSTEM32\dhcpcsvc6.DLL
0x00007ffea1940000 - 0x00007ffea1965000 	C:\WINDOWS\SYSTEM32\dhcpcsvc.DLL
0x00007ffe94630000 - 0x00007ffe9463e000 	C:\Users\Asif Khan\.vscode\extensions\redhat.java-1.44.0-win32-x64\jre\21.0.8-win32-x86_64\bin\sunmscapi.dll
0x00007ffeab380000 - 0x00007ffeab4f7000 	C:\WINDOWS\System32\CRYPT32.dll
0x00007ffeaa5e0000 - 0x00007ffeaa610000 	C:\WINDOWS\SYSTEM32\ncrypt.dll
0x00007ffeaa590000 - 0x00007ffeaa5cf000 	C:\WINDOWS\SYSTEM32\NTASN1.dll
0x00007ffea9670000 - 0x00007ffea9796000 	C:\WINDOWS\SYSTEM32\DNSAPI.dll
0x00007ffe9f390000 - 0x00007ffe9f39b000 	C:\Windows\System32\rasadhlp.dll
0x00007ffe92720000 - 0x00007ffe92729000 	C:\Users\Asif Khan\.vscode\extensions\redhat.java-1.44.0-win32-x64\jre\21.0.8-win32-x86_64\bin\extnet.dll

JVMTI agents:
c:\Users\Asif Khan\.vscode\extensions\redhat.java-1.44.0-win32-x64\lombok\lombok-1.18.39-4050.jar path:c:\Users\Asif Khan\.vscode\extensions\redhat.java-1.44.0-win32-x64\jre\21.0.8-win32-x86_64\bin\instrument.dll, loaded, initialized, instrumentlib options:none

dbghelp: loaded successfully - version: 4.0.5 - missing functions: none
symbol engine: initialized successfully - sym options: 0x614 - pdb path: .;c:\Users\Asif Khan\.vscode\extensions\redhat.java-1.44.0-win32-x64\jre\21.0.8-win32-x86_64\bin;C:\WINDOWS\SYSTEM32;C:\WINDOWS\WinSxS\amd64_microsoft.windows.common-controls_6595b64144ccf1df_6.0.26100.4768_none_3e0c112ce331287c;c:\Users\Asif Khan\.vscode\extensions\redhat.java-1.44.0-win32-x64\jre\21.0.8-win32-x86_64\bin\server;C:\Users\Asif Khan\AppData\Roaming\Code\User\globalStorage\redhat.java\1.44.0\config_win\org.eclipse.equinox.launcher\org.eclipse.equinox.launcher.win32.win32.x86_64_1.2.1400.v20250730-1736;C:\Users\Asif Khan\AppData\Local\Temp\jna--1310028037

VM Arguments:
jvm_args: --add-modules=ALL-SYSTEM --add-opens=java.base/java.util=ALL-UNNAMED --add-opens=java.base/java.lang=ALL-UNNAMED --add-opens=java.base/sun.nio.fs=ALL-UNNAMED -Declipse.application=org.eclipse.jdt.ls.core.id1 -Dosgi.bundles.defaultStartLevel=4 -Declipse.product=org.eclipse.jdt.ls.core.product -Djava.import.generatesMetadataFilesAtProjectRoot=false -DDetectVMInstallationsJob.disabled=true -Dfile.encoding=utf8 -XX:+UseParallelGC -XX:GCTimeRatio=4 -XX:AdaptiveSizePolicyWeight=90 -Dsun.zip.disableMemoryMapping=true -Xmx2G -Xms100m -Xlog:disable -javaagent:c:\Users\Asif Khan\.vscode\extensions\redhat.java-1.44.0-win32-x64\lombok\lombok-1.18.39-4050.jar -XX:+HeapDumpOnOutOfMemoryError -XX:HeapDumpPath=c:\Users\Asif Khan\AppData\Roaming\Code\User\workspaceStorage\92ca91810c1247fe525de2c72ccc5e5c\redhat.java -Daether.dependencyCollector.impl=bf 
java_command: c:\Users\Asif Khan\.vscode\extensions\redhat.java-1.44.0-win32-x64\server\plugins\org.eclipse.equinox.launcher_1.7.0.v20250519-0528.jar -configuration c:\Users\Asif Khan\AppData\Roaming\Code\User\globalStorage\redhat.java\1.44.0\config_win -data c:\Users\Asif Khan\AppData\Roaming\Code\User\workspaceStorage\92ca91810c1247fe525de2c72ccc5e5c\redhat.java\jdt_ws --pipe=\\.\pipe\lsp-a48d8dfb971ccffcdef9d42a89aa9cf3-sock
java_class_path (initial): c:\Users\Asif Khan\.vscode\extensions\redhat.java-1.44.0-win32-x64\server\plugins\org.eclipse.equinox.launcher_1.7.0.v20250519-0528.jar
Launcher Type: SUN_STANDARD

[Global flags]
    uintx AdaptiveSizePolicyWeight                 = 90                                        {product} {command line}
     intx CICompilerCount                          = 3                                         {product} {ergonomic}
    uintx GCTimeRatio                              = 4                                         {product} {command line}
     bool HeapDumpOnOutOfMemoryError               = true                                   {manageable} {command line}
    ccstr HeapDumpPath                             = c:\Users\Asif Khan\AppData\Roaming\Code\User\workspaceStorage\92ca91810c1247fe525de2c72ccc5e5c\redhat.java         {manageable} {command line}
   size_t InitialHeapSize                          = 104857600                                 {product} {command line}
   size_t MaxHeapSize                              = 2147483648                                {product} {command line}
   size_t MaxNewSize                               = 715653120                                 {product} {ergonomic}
   size_t MinHeapDeltaBytes                        = 524288                                    {product} {ergonomic}
   size_t MinHeapSize                              = 104857600                                 {product} {command line}
   size_t NewSize                                  = 34603008                                  {product} {ergonomic}
    uintx NonNMethodCodeHeapSize                   = 5832780                                {pd product} {ergonomic}
    uintx NonProfiledCodeHeapSize                  = 122912730                              {pd product} {ergonomic}
   size_t OldSize                                  = 70254592                                  {product} {ergonomic}
    uintx ProfiledCodeHeapSize                     = 122912730                              {pd product} {ergonomic}
    uintx ReservedCodeCacheSize                    = 251658240                              {pd product} {ergonomic}
     bool SegmentedCodeCache                       = true                                      {product} {ergonomic}
   size_t SoftMaxHeapSize                          = 2147483648                             {manageable} {ergonomic}
     bool UseCompressedOops                        = true                           {product lp64_product} {ergonomic}
     bool UseLargePagesIndividualAllocation        = false                                  {pd product} {ergonomic}
     bool UseParallelGC                            = true                                      {product} {command line}

Logging:
Log output configuration:
 #0: stdout all=off uptime,level,tags foldmultilines=false
 #1: stderr all=off uptime,level,tags foldmultilines=false

Environment Variables:
PATH=C:\Program Files\Common Files\Oracle\Java\javapath;C:\WINDOWS\system32;C:\WINDOWS;C:\WINDOWS\System32\Wbem;C:\WINDOWS\System32\WindowsPowerShell\v1.0\;C:\WINDOWS\System32\OpenSSH\;C:\Program Files\nodejs\;C:\Program Files\Git\cmd;C:\Users\Asif Khan\.console-ninja\.bin;C:\Users\Asif Khan\AppData\Local\Microsoft\WindowsApps;C:\Users\Asif Khan\AppData\Local\Programs\Microsoft VS Code\bin;C:\Users\Asif Khan\AppData\Roaming\npm;C:\Program Files\JetBrains\IntelliJ IDEA Community Edition 2024.2.3\bin;;C:\Users\Asif Khan\AppData\Local\Microsoft\WindowsApps
USERNAME=Asif Khan
OS=Windows_NT
PROCESSOR_IDENTIFIER=Intel64 Family 6 Model 140 Stepping 1, GenuineIntel
TMP=C:\Users\ASIFKH~1\AppData\Local\Temp
TEMP=C:\Users\ASIFKH~1\AppData\Local\Temp




Periodic native trim disabled

---------------  S Y S T E M  ---------------

OS:
 Windows 11 , 64 bit Build 26100 (10.0.26100.4768)
OS uptime: 5 days 10:45 hours

CPU: total 4 (initial active 4) (2 cores per cpu, 2 threads per core) family 6 model 140 stepping 1 microcode 0x86, cx8, cmov, fxsr, ht, mmx, 3dnowpref, sse, sse2, sse3, ssse3, sse4.1, sse4.2, popcnt, lzcnt, tsc, tscinvbit, avx, avx2, aes, erms, clmul, bmi1, bmi2, adx, avx512f, avx512dq, avx512cd, avx512bw, avx512vl, sha, fma, vzeroupper, avx512_vpopcntdq, avx512_vpclmulqdq, avx512_vaes, avx512_vnni, clflush, clflushopt, clwb, avx512_vbmi2, avx512_vbmi, rdtscp, rdpid, fsrm, gfni, avx512_bitalg, f16c, pku, cet_ibt, cet_ss, avx512_ifma
Processor Information for processor 0
  Max Mhz: 2995, Current Mhz: 998, Mhz Limit: 2995
Processor Information for processor 1
  Max Mhz: 2995, Current Mhz: 2995, Mhz Limit: 2995
Processor Information for processor 2
  Max Mhz: 2995, Current Mhz: 998, Mhz Limit: 2995
Processor Information for processor 3
  Max Mhz: 2995, Current Mhz: 998, Mhz Limit: 2995

Memory: 4k page, system-wide physical 3798M (169M free)
TotalPageFile size 15574M (AvailPageFile size 6M)
current process WorkingSet (physical memory assigned to process): 6M, peak: 629M
current process commit charge ("private bytes"): 1248M, peak: 1251M

vm_info: OpenJDK 64-Bit Server VM (21.0.8+9-LTS) for windows-amd64 JRE (21.0.8+9-LTS), built on 2025-07-15T00:00:00Z by "admin" with MS VC++ 17.7 (VS2022)

END.
